// Jest Snapshot v1, https://goo.gl/fbAQLP

exports[`<Header /> should render and match snapshot with basic config 1`] = `
<header
  className="o-header"
>
  <div
    className="o-header__content"
  >
    <Heading
      className="o-header__title"
      text="dsjfkjsdklfjsdklfj"
    />
  </div>
  <Button
    className="o-header__toggle"
    onClick={[Function]}
    variant="primary"
  >
    toggle
     
    <span
      aria-label="smiling face with sunglasses"
      role="img"
    >
      ðŸ˜Ž
    </span>
  </Button>
</header>
`;
